// Jest Snapshot v1, https://goo.gl/fbAQLP

exports[`<Background /> should render correctly 1`] = `
<div
  className="absolute top-0 h-full w-screen overflow-hidden"
>
  <div
    className="absolute -top-96 animate-fall select-none font-semibold uppercase tracking-wider text-accent-main"
    style={
      {
        "animationDelay": "2.5140656230473315s",
        "animationDuration": "28.0309739581794s",
        "fontSize": "0.59845130209103rem",
        "left": "31%",
        "opacity": 0.1841388621818554,
        "top": "37.71098434570997%",
      }
    }
  >
    JavaScript
  </div>
  <div
    className="absolute -top-96 animate-fall select-none font-semibold uppercase tracking-wider text-accent-main"
    style={
      {
        "animationDelay": "2.5140656230473315s",
        "animationDuration": "28.0309739581794s",
        "fontSize": "0.59845130209103rem",
        "left": "31%",
        "opacity": 0.1841388621818554,
        "top": "37.71098434570997%",
      }
    }
  >
     TypeScript
  </div>
  <div
    className="absolute -top-96 animate-fall select-none font-semibold uppercase tracking-wider text-accent-main"
    style={
      {
        "animationDelay": "2.5140656230473315s",
        "animationDuration": "28.0309739581794s",
        "fontSize": "0.59845130209103rem",
        "left": "31%",
        "opacity": 0.1841388621818554,
        "top": "37.71098434570997%",
      }
    }
  >
     React
  </div>
  <div
    className="absolute -top-96 animate-fall select-none font-semibold uppercase tracking-wider text-accent-main"
    style={
      {
        "animationDelay": "2.5140656230473315s",
        "animationDuration": "28.0309739581794s",
        "fontSize": "0.59845130209103rem",
        "left": "31%",
        "opacity": 0.1841388621818554,
        "top": "37.71098434570997%",
      }
    }
  >
     Redux
  </div>
  <div
    className="absolute -top-96 animate-fall select-none font-semibold uppercase tracking-wider text-accent-main"
    style={
      {
        "animationDelay": "2.5140656230473315s",
        "animationDuration": "28.0309739581794s",
        "fontSize": "0.59845130209103rem",
        "left": "31%",
        "opacity": 0.1841388621818554,
        "top": "37.71098434570997%",
      }
    }
  >
     Jest
  </div>
  <div
    className="absolute -top-96 animate-fall select-none font-semibold uppercase tracking-wider text-accent-main"
    style={
      {
        "animationDelay": "2.5140656230473315s",
        "animationDuration": "28.0309739581794s",
        "fontSize": "0.59845130209103rem",
        "left": "31%",
        "opacity": 0.1841388621818554,
        "top": "37.71098434570997%",
      }
    }
  >
     Cypress
  </div>
  <div
    className="absolute -top-96 animate-fall select-none font-semibold uppercase tracking-wider text-accent-main"
    style={
      {
        "animationDelay": "2.5140656230473315s",
        "animationDuration": "28.0309739581794s",
        "fontSize": "0.59845130209103rem",
        "left": "31%",
        "opacity": 0.1841388621818554,
        "top": "37.71098434570997%",
      }
    }
  >
     D3
  </div>
  <div
    className="absolute -top-96 animate-fall select-none font-semibold uppercase tracking-wider text-accent-main"
    style={
      {
        "animationDelay": "2.5140656230473315s",
        "animationDuration": "28.0309739581794s",
        "fontSize": "0.59845130209103rem",
        "left": "31%",
        "opacity": 0.1841388621818554,
        "top": "37.71098434570997%",
      }
    }
  >
     Visx
  </div>
  <div
    className="absolute -top-96 animate-fall select-none font-semibold uppercase tracking-wider text-accent-main"
    style={
      {
        "animationDelay": "2.5140656230473315s",
        "animationDuration": "28.0309739581794s",
        "fontSize": "0.59845130209103rem",
        "left": "31%",
        "opacity": 0.1841388621818554,
        "top": "37.71098434570997%",
      }
    }
  >
     HTML
  </div>
  <div
    className="absolute -top-96 animate-fall select-none font-semibold uppercase tracking-wider text-accent-main"
    style={
      {
        "animationDelay": "2.5140656230473315s",
        "animationDuration": "28.0309739581794s",
        "fontSize": "0.59845130209103rem",
        "left": "31%",
        "opacity": 0.1841388621818554,
        "top": "37.71098434570997%",
      }
    }
  >
     CSS
  </div>
  <div
    className="absolute -top-96 animate-fall select-none font-semibold uppercase tracking-wider text-accent-main"
    style={
      {
        "animationDelay": "2.5140656230473315s",
        "animationDuration": "28.0309739581794s",
        "fontSize": "0.59845130209103rem",
        "left": "31%",
        "opacity": 0.1841388621818554,
        "top": "37.71098434570997%",
      }
    }
  >
     TailwindCSS
  </div>
  <div
    className="absolute -top-96 animate-fall select-none font-semibold uppercase tracking-wider text-accent-main"
    style={
      {
        "animationDelay": "2.5140656230473315s",
        "animationDuration": "28.0309739581794s",
        "fontSize": "0.59845130209103rem",
        "left": "31%",
        "opacity": 0.1841388621818554,
        "top": "37.71098434570997%",
      }
    }
  >
     Node
  </div>
  <div
    className="absolute -top-96 animate-fall select-none font-semibold uppercase tracking-wider text-accent-main"
    style={
      {
        "animationDelay": "2.5140656230473315s",
        "animationDuration": "28.0309739581794s",
        "fontSize": "0.59845130209103rem",
        "left": "31%",
        "opacity": 0.1841388621818554,
        "top": "37.71098434570997%",
      }
    }
  >
     Express
  </div>
  <div
    className="absolute -top-96 animate-fall select-none font-semibold uppercase tracking-wider text-accent-main"
    style={
      {
        "animationDelay": "2.5140656230473315s",
        "animationDuration": "28.0309739581794s",
        "fontSize": "0.59845130209103rem",
        "left": "31%",
        "opacity": 0.1841388621818554,
        "top": "37.71098434570997%",
      }
    }
  >
     AWS Serverless
  </div>
  <div
    className="absolute -top-96 animate-fall select-none font-semibold uppercase tracking-wider text-accent-main"
    style={
      {
        "animationDelay": "2.5140656230473315s",
        "animationDuration": "28.0309739581794s",
        "fontSize": "0.59845130209103rem",
        "left": "31%",
        "opacity": 0.1841388621818554,
        "top": "37.71098434570997%",
      }
    }
  >
     CI/CD
  </div>
  <div
    className="absolute -top-96 animate-fall select-none font-semibold uppercase tracking-wider text-accent-main"
    style={
      {
        "animationDelay": "2.5140656230473315s",
        "animationDuration": "28.0309739581794s",
        "fontSize": "0.59845130209103rem",
        "left": "31%",
        "opacity": 0.1841388621818554,
        "top": "37.71098434570997%",
      }
    }
  >
     Git
  </div>
  <div
    className="absolute -top-96 animate-fall select-none font-semibold uppercase tracking-wider text-accent-main"
    style={
      {
        "animationDelay": "2.5140656230473315s",
        "animationDuration": "28.0309739581794s",
        "fontSize": "0.59845130209103rem",
        "left": "31%",
        "opacity": 0.1841388621818554,
        "top": "37.71098434570997%",
      }
    }
  >
     Bash
  </div>
  <div
    className="absolute -top-96 animate-fall select-none font-semibold uppercase tracking-wider text-accent-main"
    style={
      {
        "animationDelay": "2.5140656230473315s",
        "animationDuration": "28.0309739581794s",
        "fontSize": "0.59845130209103rem",
        "left": "31%",
        "opacity": 0.1841388621818554,
        "top": "37.71098434570997%",
      }
    }
  >
     GitHub
  </div>
  <div
    className="absolute -top-96 animate-fall select-none font-semibold uppercase tracking-wider text-accent-main"
    style={
      {
        "animationDelay": "2.5140656230473315s",
        "animationDuration": "28.0309739581794s",
        "fontSize": "0.59845130209103rem",
        "left": "31%",
        "opacity": 0.1841388621818554,
        "top": "37.71098434570997%",
      }
    }
  >
     Azure DevOps
  </div>
  <div
    className="absolute -top-96 animate-fall select-none font-semibold uppercase tracking-wider text-accent-main"
    style={
      {
        "animationDelay": "2.5140656230473315s",
        "animationDuration": "28.0309739581794s",
        "fontSize": "0.59845130209103rem",
        "left": "31%",
        "opacity": 0.1841388621818554,
        "top": "37.71098434570997%",
      }
    }
  >
     Agile/Scrum/Kanban
  </div>
  <div
    className="absolute -top-96 animate-fall select-none font-semibold uppercase tracking-wider text-accent-main"
    style={
      {
        "animationDelay": "2.5140656230473315s",
        "animationDuration": "28.0309739581794s",
        "fontSize": "0.59845130209103rem",
        "left": "31%",
        "opacity": 0.1841388621818554,
        "top": "37.71098434570997%",
      }
    }
  >
     SEO
  </div>
  <div
    className="absolute -top-96 animate-fall select-none font-semibold uppercase tracking-wider text-accent-main"
    style={
      {
        "animationDelay": "2.5140656230473315s",
        "animationDuration": "28.0309739581794s",
        "fontSize": "0.59845130209103rem",
        "left": "31%",
        "opacity": 0.1841388621818554,
        "top": "37.71098434570997%",
      }
    }
  >
    JavaScript
  </div>
  <div
    className="absolute -top-96 animate-fall select-none font-semibold uppercase tracking-wider text-accent-main"
    style={
      {
        "animationDelay": "2.5140656230473315s",
        "animationDuration": "28.0309739581794s",
        "fontSize": "0.59845130209103rem",
        "left": "31%",
        "opacity": 0.1841388621818554,
        "top": "37.71098434570997%",
      }
    }
  >
     TypeScript
  </div>
  <div
    className="absolute -top-96 animate-fall select-none font-semibold uppercase tracking-wider text-accent-main"
    style={
      {
        "animationDelay": "2.5140656230473315s",
        "animationDuration": "28.0309739581794s",
        "fontSize": "0.59845130209103rem",
        "left": "31%",
        "opacity": 0.1841388621818554,
        "top": "37.71098434570997%",
      }
    }
  >
     React
  </div>
  <div
    className="absolute -top-96 animate-fall select-none font-semibold uppercase tracking-wider text-accent-main"
    style={
      {
        "animationDelay": "2.5140656230473315s",
        "animationDuration": "28.0309739581794s",
        "fontSize": "0.59845130209103rem",
        "left": "31%",
        "opacity": 0.1841388621818554,
        "top": "37.71098434570997%",
      }
    }
  >
     Redux
  </div>
  <div
    className="absolute -top-96 animate-fall select-none font-semibold uppercase tracking-wider text-accent-main"
    style={
      {
        "animationDelay": "2.5140656230473315s",
        "animationDuration": "28.0309739581794s",
        "fontSize": "0.59845130209103rem",
        "left": "31%",
        "opacity": 0.1841388621818554,
        "top": "37.71098434570997%",
      }
    }
  >
     Jest
  </div>
  <div
    className="absolute -top-96 animate-fall select-none font-semibold uppercase tracking-wider text-accent-main"
    style={
      {
        "animationDelay": "2.5140656230473315s",
        "animationDuration": "28.0309739581794s",
        "fontSize": "0.59845130209103rem",
        "left": "31%",
        "opacity": 0.1841388621818554,
        "top": "37.71098434570997%",
      }
    }
  >
     Cypress
  </div>
  <div
    className="absolute -top-96 animate-fall select-none font-semibold uppercase tracking-wider text-accent-main"
    style={
      {
        "animationDelay": "2.5140656230473315s",
        "animationDuration": "28.0309739581794s",
        "fontSize": "0.59845130209103rem",
        "left": "31%",
        "opacity": 0.1841388621818554,
        "top": "37.71098434570997%",
      }
    }
  >
     D3
  </div>
  <div
    className="absolute -top-96 animate-fall select-none font-semibold uppercase tracking-wider text-accent-main"
    style={
      {
        "animationDelay": "2.5140656230473315s",
        "animationDuration": "28.0309739581794s",
        "fontSize": "0.59845130209103rem",
        "left": "31%",
        "opacity": 0.1841388621818554,
        "top": "37.71098434570997%",
      }
    }
  >
     Visx
  </div>
  <div
    className="absolute -top-96 animate-fall select-none font-semibold uppercase tracking-wider text-accent-main"
    style={
      {
        "animationDelay": "2.5140656230473315s",
        "animationDuration": "28.0309739581794s",
        "fontSize": "0.59845130209103rem",
        "left": "31%",
        "opacity": 0.1841388621818554,
        "top": "37.71098434570997%",
      }
    }
  >
     HTML
  </div>
  <div
    className="absolute -top-96 animate-fall select-none font-semibold uppercase tracking-wider text-accent-main"
    style={
      {
        "animationDelay": "2.5140656230473315s",
        "animationDuration": "28.0309739581794s",
        "fontSize": "0.59845130209103rem",
        "left": "31%",
        "opacity": 0.1841388621818554,
        "top": "37.71098434570997%",
      }
    }
  >
     CSS
  </div>
  <div
    className="absolute -top-96 animate-fall select-none font-semibold uppercase tracking-wider text-accent-main"
    style={
      {
        "animationDelay": "2.5140656230473315s",
        "animationDuration": "28.0309739581794s",
        "fontSize": "0.59845130209103rem",
        "left": "31%",
        "opacity": 0.1841388621818554,
        "top": "37.71098434570997%",
      }
    }
  >
     TailwindCSS
  </div>
  <div
    className="absolute -top-96 animate-fall select-none font-semibold uppercase tracking-wider text-accent-main"
    style={
      {
        "animationDelay": "2.5140656230473315s",
        "animationDuration": "28.0309739581794s",
        "fontSize": "0.59845130209103rem",
        "left": "31%",
        "opacity": 0.1841388621818554,
        "top": "37.71098434570997%",
      }
    }
  >
     Node
  </div>
  <div
    className="absolute -top-96 animate-fall select-none font-semibold uppercase tracking-wider text-accent-main"
    style={
      {
        "animationDelay": "2.5140656230473315s",
        "animationDuration": "28.0309739581794s",
        "fontSize": "0.59845130209103rem",
        "left": "31%",
        "opacity": 0.1841388621818554,
        "top": "37.71098434570997%",
      }
    }
  >
     Express
  </div>
  <div
    className="absolute -top-96 animate-fall select-none font-semibold uppercase tracking-wider text-accent-main"
    style={
      {
        "animationDelay": "2.5140656230473315s",
        "animationDuration": "28.0309739581794s",
        "fontSize": "0.59845130209103rem",
        "left": "31%",
        "opacity": 0.1841388621818554,
        "top": "37.71098434570997%",
      }
    }
  >
     AWS Serverless
  </div>
  <div
    className="absolute -top-96 animate-fall select-none font-semibold uppercase tracking-wider text-accent-main"
    style={
      {
        "animationDelay": "2.5140656230473315s",
        "animationDuration": "28.0309739581794s",
        "fontSize": "0.59845130209103rem",
        "left": "31%",
        "opacity": 0.1841388621818554,
        "top": "37.71098434570997%",
      }
    }
  >
     CI/CD
  </div>
  <div
    className="absolute -top-96 animate-fall select-none font-semibold uppercase tracking-wider text-accent-main"
    style={
      {
        "animationDelay": "2.5140656230473315s",
        "animationDuration": "28.0309739581794s",
        "fontSize": "0.59845130209103rem",
        "left": "31%",
        "opacity": 0.1841388621818554,
        "top": "37.71098434570997%",
      }
    }
  >
     Git
  </div>
  <div
    className="absolute -top-96 animate-fall select-none font-semibold uppercase tracking-wider text-accent-main"
    style={
      {
        "animationDelay": "2.5140656230473315s",
        "animationDuration": "28.0309739581794s",
        "fontSize": "0.59845130209103rem",
        "left": "31%",
        "opacity": 0.1841388621818554,
        "top": "37.71098434570997%",
      }
    }
  >
     Bash
  </div>
  <div
    className="absolute -top-96 animate-fall select-none font-semibold uppercase tracking-wider text-accent-main"
    style={
      {
        "animationDelay": "2.5140656230473315s",
        "animationDuration": "28.0309739581794s",
        "fontSize": "0.59845130209103rem",
        "left": "31%",
        "opacity": 0.1841388621818554,
        "top": "37.71098434570997%",
      }
    }
  >
     GitHub
  </div>
  <div
    className="absolute -top-96 animate-fall select-none font-semibold uppercase tracking-wider text-accent-main"
    style={
      {
        "animationDelay": "2.5140656230473315s",
        "animationDuration": "28.0309739581794s",
        "fontSize": "0.59845130209103rem",
        "left": "31%",
        "opacity": 0.1841388621818554,
        "top": "37.71098434570997%",
      }
    }
  >
     Azure DevOps
  </div>
  <div
    className="absolute -top-96 animate-fall select-none font-semibold uppercase tracking-wider text-accent-main"
    style={
      {
        "animationDelay": "2.5140656230473315s",
        "animationDuration": "28.0309739581794s",
        "fontSize": "0.59845130209103rem",
        "left": "31%",
        "opacity": 0.1841388621818554,
        "top": "37.71098434570997%",
      }
    }
  >
     Agile/Scrum/Kanban
  </div>
  <div
    className="absolute -top-96 animate-fall select-none font-semibold uppercase tracking-wider text-accent-main"
    style={
      {
        "animationDelay": "2.5140656230473315s",
        "animationDuration": "28.0309739581794s",
        "fontSize": "0.59845130209103rem",
        "left": "31%",
        "opacity": 0.1841388621818554,
        "top": "37.71098434570997%",
      }
    }
  >
     SEO
  </div>
  <div
    className="absolute -top-96 animate-fall select-none font-semibold uppercase tracking-wider text-accent-main"
    style={
      {
        "animationDelay": "2.5140656230473315s",
        "animationDuration": "28.0309739581794s",
        "fontSize": "0.59845130209103rem",
        "left": "31%",
        "opacity": 0.1841388621818554,
        "top": "37.71098434570997%",
      }
    }
  >
    JavaScript
  </div>
  <div
    className="absolute -top-96 animate-fall select-none font-semibold uppercase tracking-wider text-accent-main"
    style={
      {
        "animationDelay": "2.5140656230473315s",
        "animationDuration": "28.0309739581794s",
        "fontSize": "0.59845130209103rem",
        "left": "31%",
        "opacity": 0.1841388621818554,
        "top": "37.71098434570997%",
      }
    }
  >
     TypeScript
  </div>
  <div
    className="absolute -top-96 animate-fall select-none font-semibold uppercase tracking-wider text-accent-main"
    style={
      {
        "animationDelay": "2.5140656230473315s",
        "animationDuration": "28.0309739581794s",
        "fontSize": "0.59845130209103rem",
        "left": "31%",
        "opacity": 0.1841388621818554,
        "top": "37.71098434570997%",
      }
    }
  >
     React
  </div>
  <div
    className="absolute -top-96 animate-fall select-none font-semibold uppercase tracking-wider text-accent-main"
    style={
      {
        "animationDelay": "2.5140656230473315s",
        "animationDuration": "28.0309739581794s",
        "fontSize": "0.59845130209103rem",
        "left": "31%",
        "opacity": 0.1841388621818554,
        "top": "37.71098434570997%",
      }
    }
  >
     Redux
  </div>
  <div
    className="absolute -top-96 animate-fall select-none font-semibold uppercase tracking-wider text-accent-main"
    style={
      {
        "animationDelay": "2.5140656230473315s",
        "animationDuration": "28.0309739581794s",
        "fontSize": "0.59845130209103rem",
        "left": "31%",
        "opacity": 0.1841388621818554,
        "top": "37.71098434570997%",
      }
    }
  >
     Jest
  </div>
  <div
    className="absolute -top-96 animate-fall select-none font-semibold uppercase tracking-wider text-accent-main"
    style={
      {
        "animationDelay": "2.5140656230473315s",
        "animationDuration": "28.0309739581794s",
        "fontSize": "0.59845130209103rem",
        "left": "31%",
        "opacity": 0.1841388621818554,
        "top": "37.71098434570997%",
      }
    }
  >
     Cypress
  </div>
  <div
    className="absolute -top-96 animate-fall select-none font-semibold uppercase tracking-wider text-accent-main"
    style={
      {
        "animationDelay": "2.5140656230473315s",
        "animationDuration": "28.0309739581794s",
        "fontSize": "0.59845130209103rem",
        "left": "31%",
        "opacity": 0.1841388621818554,
        "top": "37.71098434570997%",
      }
    }
  >
     D3
  </div>
  <div
    className="absolute -top-96 animate-fall select-none font-semibold uppercase tracking-wider text-accent-main"
    style={
      {
        "animationDelay": "2.5140656230473315s",
        "animationDuration": "28.0309739581794s",
        "fontSize": "0.59845130209103rem",
        "left": "31%",
        "opacity": 0.1841388621818554,
        "top": "37.71098434570997%",
      }
    }
  >
     Visx
  </div>
  <div
    className="absolute -top-96 animate-fall select-none font-semibold uppercase tracking-wider text-accent-main"
    style={
      {
        "animationDelay": "2.5140656230473315s",
        "animationDuration": "28.0309739581794s",
        "fontSize": "0.59845130209103rem",
        "left": "31%",
        "opacity": 0.1841388621818554,
        "top": "37.71098434570997%",
      }
    }
  >
     HTML
  </div>
  <div
    className="absolute -top-96 animate-fall select-none font-semibold uppercase tracking-wider text-accent-main"
    style={
      {
        "animationDelay": "2.5140656230473315s",
        "animationDuration": "28.0309739581794s",
        "fontSize": "0.59845130209103rem",
        "left": "31%",
        "opacity": 0.1841388621818554,
        "top": "37.71098434570997%",
      }
    }
  >
     CSS
  </div>
  <div
    className="absolute -top-96 animate-fall select-none font-semibold uppercase tracking-wider text-accent-main"
    style={
      {
        "animationDelay": "2.5140656230473315s",
        "animationDuration": "28.0309739581794s",
        "fontSize": "0.59845130209103rem",
        "left": "31%",
        "opacity": 0.1841388621818554,
        "top": "37.71098434570997%",
      }
    }
  >
     TailwindCSS
  </div>
  <div
    className="absolute -top-96 animate-fall select-none font-semibold uppercase tracking-wider text-accent-main"
    style={
      {
        "animationDelay": "2.5140656230473315s",
        "animationDuration": "28.0309739581794s",
        "fontSize": "0.59845130209103rem",
        "left": "31%",
        "opacity": 0.1841388621818554,
        "top": "37.71098434570997%",
      }
    }
  >
     Node
  </div>
  <div
    className="absolute -top-96 animate-fall select-none font-semibold uppercase tracking-wider text-accent-main"
    style={
      {
        "animationDelay": "2.5140656230473315s",
        "animationDuration": "28.0309739581794s",
        "fontSize": "0.59845130209103rem",
        "left": "31%",
        "opacity": 0.1841388621818554,
        "top": "37.71098434570997%",
      }
    }
  >
     Express
  </div>
  <div
    className="absolute -top-96 animate-fall select-none font-semibold uppercase tracking-wider text-accent-main"
    style={
      {
        "animationDelay": "2.5140656230473315s",
        "animationDuration": "28.0309739581794s",
        "fontSize": "0.59845130209103rem",
        "left": "31%",
        "opacity": 0.1841388621818554,
        "top": "37.71098434570997%",
      }
    }
  >
     AWS Serverless
  </div>
  <div
    className="absolute -top-96 animate-fall select-none font-semibold uppercase tracking-wider text-accent-main"
    style={
      {
        "animationDelay": "2.5140656230473315s",
        "animationDuration": "28.0309739581794s",
        "fontSize": "0.59845130209103rem",
        "left": "31%",
        "opacity": 0.1841388621818554,
        "top": "37.71098434570997%",
      }
    }
  >
     CI/CD
  </div>
  <div
    className="absolute -top-96 animate-fall select-none font-semibold uppercase tracking-wider text-accent-main"
    style={
      {
        "animationDelay": "2.5140656230473315s",
        "animationDuration": "28.0309739581794s",
        "fontSize": "0.59845130209103rem",
        "left": "31%",
        "opacity": 0.1841388621818554,
        "top": "37.71098434570997%",
      }
    }
  >
     Git
  </div>
  <div
    className="absolute -top-96 animate-fall select-none font-semibold uppercase tracking-wider text-accent-main"
    style={
      {
        "animationDelay": "2.5140656230473315s",
        "animationDuration": "28.0309739581794s",
        "fontSize": "0.59845130209103rem",
        "left": "31%",
        "opacity": 0.1841388621818554,
        "top": "37.71098434570997%",
      }
    }
  >
     Bash
  </div>
  <div
    className="absolute -top-96 animate-fall select-none font-semibold uppercase tracking-wider text-accent-main"
    style={
      {
        "animationDelay": "2.5140656230473315s",
        "animationDuration": "28.0309739581794s",
        "fontSize": "0.59845130209103rem",
        "left": "31%",
        "opacity": 0.1841388621818554,
        "top": "37.71098434570997%",
      }
    }
  >
     GitHub
  </div>
  <div
    className="absolute -top-96 animate-fall select-none font-semibold uppercase tracking-wider text-accent-main"
    style={
      {
        "animationDelay": "2.5140656230473315s",
        "animationDuration": "28.0309739581794s",
        "fontSize": "0.59845130209103rem",
        "left": "31%",
        "opacity": 0.1841388621818554,
        "top": "37.71098434570997%",
      }
    }
  >
     Azure DevOps
  </div>
  <div
    className="absolute -top-96 animate-fall select-none font-semibold uppercase tracking-wider text-accent-main"
    style={
      {
        "animationDelay": "2.5140656230473315s",
        "animationDuration": "28.0309739581794s",
        "fontSize": "0.59845130209103rem",
        "left": "31%",
        "opacity": 0.1841388621818554,
        "top": "37.71098434570997%",
      }
    }
  >
     Agile/Scrum/Kanban
  </div>
  <div
    className="absolute -top-96 animate-fall select-none font-semibold uppercase tracking-wider text-accent-main"
    style={
      {
        "animationDelay": "2.5140656230473315s",
        "animationDuration": "28.0309739581794s",
        "fontSize": "0.59845130209103rem",
        "left": "31%",
        "opacity": 0.1841388621818554,
        "top": "37.71098434570997%",
      }
    }
  >
     SEO
  </div>
  <div
    className="absolute -top-96 animate-fall select-none font-semibold uppercase tracking-wider text-accent-main"
    style={
      {
        "animationDelay": "2.5140656230473315s",
        "animationDuration": "28.0309739581794s",
        "fontSize": "0.59845130209103rem",
        "left": "31%",
        "opacity": 0.1841388621818554,
        "top": "37.71098434570997%",
      }
    }
  >
    JavaScript
  </div>
  <div
    className="absolute -top-96 animate-fall select-none font-semibold uppercase tracking-wider text-accent-main"
    style={
      {
        "animationDelay": "2.5140656230473315s",
        "animationDuration": "28.0309739581794s",
        "fontSize": "0.59845130209103rem",
        "left": "31%",
        "opacity": 0.1841388621818554,
        "top": "37.71098434570997%",
      }
    }
  >
     TypeScript
  </div>
  <div
    className="absolute -top-96 animate-fall select-none font-semibold uppercase tracking-wider text-accent-main"
    style={
      {
        "animationDelay": "2.5140656230473315s",
        "animationDuration": "28.0309739581794s",
        "fontSize": "0.59845130209103rem",
        "left": "31%",
        "opacity": 0.1841388621818554,
        "top": "37.71098434570997%",
      }
    }
  >
     React
  </div>
  <div
    className="absolute -top-96 animate-fall select-none font-semibold uppercase tracking-wider text-accent-main"
    style={
      {
        "animationDelay": "2.5140656230473315s",
        "animationDuration": "28.0309739581794s",
        "fontSize": "0.59845130209103rem",
        "left": "31%",
        "opacity": 0.1841388621818554,
        "top": "37.71098434570997%",
      }
    }
  >
     Redux
  </div>
  <div
    className="absolute -top-96 animate-fall select-none font-semibold uppercase tracking-wider text-accent-main"
    style={
      {
        "animationDelay": "2.5140656230473315s",
        "animationDuration": "28.0309739581794s",
        "fontSize": "0.59845130209103rem",
        "left": "31%",
        "opacity": 0.1841388621818554,
        "top": "37.71098434570997%",
      }
    }
  >
     Jest
  </div>
  <div
    className="absolute -top-96 animate-fall select-none font-semibold uppercase tracking-wider text-accent-main"
    style={
      {
        "animationDelay": "2.5140656230473315s",
        "animationDuration": "28.0309739581794s",
        "fontSize": "0.59845130209103rem",
        "left": "31%",
        "opacity": 0.1841388621818554,
        "top": "37.71098434570997%",
      }
    }
  >
     Cypress
  </div>
  <div
    className="absolute -top-96 animate-fall select-none font-semibold uppercase tracking-wider text-accent-main"
    style={
      {
        "animationDelay": "2.5140656230473315s",
        "animationDuration": "28.0309739581794s",
        "fontSize": "0.59845130209103rem",
        "left": "31%",
        "opacity": 0.1841388621818554,
        "top": "37.71098434570997%",
      }
    }
  >
     D3
  </div>
  <div
    className="absolute -top-96 animate-fall select-none font-semibold uppercase tracking-wider text-accent-main"
    style={
      {
        "animationDelay": "2.5140656230473315s",
        "animationDuration": "28.0309739581794s",
        "fontSize": "0.59845130209103rem",
        "left": "31%",
        "opacity": 0.1841388621818554,
        "top": "37.71098434570997%",
      }
    }
  >
     Visx
  </div>
  <div
    className="absolute -top-96 animate-fall select-none font-semibold uppercase tracking-wider text-accent-main"
    style={
      {
        "animationDelay": "2.5140656230473315s",
        "animationDuration": "28.0309739581794s",
        "fontSize": "0.59845130209103rem",
        "left": "31%",
        "opacity": 0.1841388621818554,
        "top": "37.71098434570997%",
      }
    }
  >
     HTML
  </div>
  <div
    className="absolute -top-96 animate-fall select-none font-semibold uppercase tracking-wider text-accent-main"
    style={
      {
        "animationDelay": "2.5140656230473315s",
        "animationDuration": "28.0309739581794s",
        "fontSize": "0.59845130209103rem",
        "left": "31%",
        "opacity": 0.1841388621818554,
        "top": "37.71098434570997%",
      }
    }
  >
     CSS
  </div>
  <div
    className="absolute -top-96 animate-fall select-none font-semibold uppercase tracking-wider text-accent-main"
    style={
      {
        "animationDelay": "2.5140656230473315s",
        "animationDuration": "28.0309739581794s",
        "fontSize": "0.59845130209103rem",
        "left": "31%",
        "opacity": 0.1841388621818554,
        "top": "37.71098434570997%",
      }
    }
  >
     TailwindCSS
  </div>
  <div
    className="absolute -top-96 animate-fall select-none font-semibold uppercase tracking-wider text-accent-main"
    style={
      {
        "animationDelay": "2.5140656230473315s",
        "animationDuration": "28.0309739581794s",
        "fontSize": "0.59845130209103rem",
        "left": "31%",
        "opacity": 0.1841388621818554,
        "top": "37.71098434570997%",
      }
    }
  >
     Node
  </div>
  <div
    className="absolute -top-96 animate-fall select-none font-semibold uppercase tracking-wider text-accent-main"
    style={
      {
        "animationDelay": "2.5140656230473315s",
        "animationDuration": "28.0309739581794s",
        "fontSize": "0.59845130209103rem",
        "left": "31%",
        "opacity": 0.1841388621818554,
        "top": "37.71098434570997%",
      }
    }
  >
     Express
  </div>
  <div
    className="absolute -top-96 animate-fall select-none font-semibold uppercase tracking-wider text-accent-main"
    style={
      {
        "animationDelay": "2.5140656230473315s",
        "animationDuration": "28.0309739581794s",
        "fontSize": "0.59845130209103rem",
        "left": "31%",
        "opacity": 0.1841388621818554,
        "top": "37.71098434570997%",
      }
    }
  >
     AWS Serverless
  </div>
  <div
    className="absolute -top-96 animate-fall select-none font-semibold uppercase tracking-wider text-accent-main"
    style={
      {
        "animationDelay": "2.5140656230473315s",
        "animationDuration": "28.0309739581794s",
        "fontSize": "0.59845130209103rem",
        "left": "31%",
        "opacity": 0.1841388621818554,
        "top": "37.71098434570997%",
      }
    }
  >
     CI/CD
  </div>
  <div
    className="absolute -top-96 animate-fall select-none font-semibold uppercase tracking-wider text-accent-main"
    style={
      {
        "animationDelay": "2.5140656230473315s",
        "animationDuration": "28.0309739581794s",
        "fontSize": "0.59845130209103rem",
        "left": "31%",
        "opacity": 0.1841388621818554,
        "top": "37.71098434570997%",
      }
    }
  >
     Git
  </div>
  <div
    className="absolute -top-96 animate-fall select-none font-semibold uppercase tracking-wider text-accent-main"
    style={
      {
        "animationDelay": "2.5140656230473315s",
        "animationDuration": "28.0309739581794s",
        "fontSize": "0.59845130209103rem",
        "left": "31%",
        "opacity": 0.1841388621818554,
        "top": "37.71098434570997%",
      }
    }
  >
     Bash
  </div>
  <div
    className="absolute -top-96 animate-fall select-none font-semibold uppercase tracking-wider text-accent-main"
    style={
      {
        "animationDelay": "2.5140656230473315s",
        "animationDuration": "28.0309739581794s",
        "fontSize": "0.59845130209103rem",
        "left": "31%",
        "opacity": 0.1841388621818554,
        "top": "37.71098434570997%",
      }
    }
  >
     GitHub
  </div>
  <div
    className="absolute -top-96 animate-fall select-none font-semibold uppercase tracking-wider text-accent-main"
    style={
      {
        "animationDelay": "2.5140656230473315s",
        "animationDuration": "28.0309739581794s",
        "fontSize": "0.59845130209103rem",
        "left": "31%",
        "opacity": 0.1841388621818554,
        "top": "37.71098434570997%",
      }
    }
  >
     Azure DevOps
  </div>
  <div
    className="absolute -top-96 animate-fall select-none font-semibold uppercase tracking-wider text-accent-main"
    style={
      {
        "animationDelay": "2.5140656230473315s",
        "animationDuration": "28.0309739581794s",
        "fontSize": "0.59845130209103rem",
        "left": "31%",
        "opacity": 0.1841388621818554,
        "top": "37.71098434570997%",
      }
    }
  >
     Agile/Scrum/Kanban
  </div>
  <div
    className="absolute -top-96 animate-fall select-none font-semibold uppercase tracking-wider text-accent-main"
    style={
      {
        "animationDelay": "2.5140656230473315s",
        "animationDuration": "28.0309739581794s",
        "fontSize": "0.59845130209103rem",
        "left": "31%",
        "opacity": 0.1841388621818554,
        "top": "37.71098434570997%",
      }
    }
  >
     SEO
  </div>
  <div
    className="absolute -top-96 animate-fall select-none font-semibold uppercase tracking-wider text-accent-main"
    style={
      {
        "animationDelay": "2.5140656230473315s",
        "animationDuration": "28.0309739581794s",
        "fontSize": "0.59845130209103rem",
        "left": "31%",
        "opacity": 0.1841388621818554,
        "top": "37.71098434570997%",
      }
    }
  >
    JavaScript
  </div>
  <div
    className="absolute -top-96 animate-fall select-none font-semibold uppercase tracking-wider text-accent-main"
    style={
      {
        "animationDelay": "2.5140656230473315s",
        "animationDuration": "28.0309739581794s",
        "fontSize": "0.59845130209103rem",
        "left": "31%",
        "opacity": 0.1841388621818554,
        "top": "37.71098434570997%",
      }
    }
  >
     TypeScript
  </div>
  <div
    className="absolute -top-96 animate-fall select-none font-semibold uppercase tracking-wider text-accent-main"
    style={
      {
        "animationDelay": "2.5140656230473315s",
        "animationDuration": "28.0309739581794s",
        "fontSize": "0.59845130209103rem",
        "left": "31%",
        "opacity": 0.1841388621818554,
        "top": "37.71098434570997%",
      }
    }
  >
     React
  </div>
  <div
    className="absolute -top-96 animate-fall select-none font-semibold uppercase tracking-wider text-accent-main"
    style={
      {
        "animationDelay": "2.5140656230473315s",
        "animationDuration": "28.0309739581794s",
        "fontSize": "0.59845130209103rem",
        "left": "31%",
        "opacity": 0.1841388621818554,
        "top": "37.71098434570997%",
      }
    }
  >
     Redux
  </div>
  <div
    className="absolute -top-96 animate-fall select-none font-semibold uppercase tracking-wider text-accent-main"
    style={
      {
        "animationDelay": "2.5140656230473315s",
        "animationDuration": "28.0309739581794s",
        "fontSize": "0.59845130209103rem",
        "left": "31%",
        "opacity": 0.1841388621818554,
        "top": "37.71098434570997%",
      }
    }
  >
     Jest
  </div>
  <div
    className="absolute -top-96 animate-fall select-none font-semibold uppercase tracking-wider text-accent-main"
    style={
      {
        "animationDelay": "2.5140656230473315s",
        "animationDuration": "28.0309739581794s",
        "fontSize": "0.59845130209103rem",
        "left": "31%",
        "opacity": 0.1841388621818554,
        "top": "37.71098434570997%",
      }
    }
  >
     Cypress
  </div>
  <div
    className="absolute -top-96 animate-fall select-none font-semibold uppercase tracking-wider text-accent-main"
    style={
      {
        "animationDelay": "2.5140656230473315s",
        "animationDuration": "28.0309739581794s",
        "fontSize": "0.59845130209103rem",
        "left": "31%",
        "opacity": 0.1841388621818554,
        "top": "37.71098434570997%",
      }
    }
  >
     D3
  </div>
  <div
    className="absolute -top-96 animate-fall select-none font-semibold uppercase tracking-wider text-accent-main"
    style={
      {
        "animationDelay": "2.5140656230473315s",
        "animationDuration": "28.0309739581794s",
        "fontSize": "0.59845130209103rem",
        "left": "31%",
        "opacity": 0.1841388621818554,
        "top": "37.71098434570997%",
      }
    }
  >
     Visx
  </div>
  <div
    className="absolute -top-96 animate-fall select-none font-semibold uppercase tracking-wider text-accent-main"
    style={
      {
        "animationDelay": "2.5140656230473315s",
        "animationDuration": "28.0309739581794s",
        "fontSize": "0.59845130209103rem",
        "left": "31%",
        "opacity": 0.1841388621818554,
        "top": "37.71098434570997%",
      }
    }
  >
     HTML
  </div>
  <div
    className="absolute -top-96 animate-fall select-none font-semibold uppercase tracking-wider text-accent-main"
    style={
      {
        "animationDelay": "2.5140656230473315s",
        "animationDuration": "28.0309739581794s",
        "fontSize": "0.59845130209103rem",
        "left": "31%",
        "opacity": 0.1841388621818554,
        "top": "37.71098434570997%",
      }
    }
  >
     CSS
  </div>
  <div
    className="absolute -top-96 animate-fall select-none font-semibold uppercase tracking-wider text-accent-main"
    style={
      {
        "animationDelay": "2.5140656230473315s",
        "animationDuration": "28.0309739581794s",
        "fontSize": "0.59845130209103rem",
        "left": "31%",
        "opacity": 0.1841388621818554,
        "top": "37.71098434570997%",
      }
    }
  >
     TailwindCSS
  </div>
  <div
    className="absolute -top-96 animate-fall select-none font-semibold uppercase tracking-wider text-accent-main"
    style={
      {
        "animationDelay": "2.5140656230473315s",
        "animationDuration": "28.0309739581794s",
        "fontSize": "0.59845130209103rem",
        "left": "31%",
        "opacity": 0.1841388621818554,
        "top": "37.71098434570997%",
      }
    }
  >
     Node
  </div>
  <div
    className="absolute -top-96 animate-fall select-none font-semibold uppercase tracking-wider text-accent-main"
    style={
      {
        "animationDelay": "2.5140656230473315s",
        "animationDuration": "28.0309739581794s",
        "fontSize": "0.59845130209103rem",
        "left": "31%",
        "opacity": 0.1841388621818554,
        "top": "37.71098434570997%",
      }
    }
  >
     Express
  </div>
  <div
    className="absolute -top-96 animate-fall select-none font-semibold uppercase tracking-wider text-accent-main"
    style={
      {
        "animationDelay": "2.5140656230473315s",
        "animationDuration": "28.0309739581794s",
        "fontSize": "0.59845130209103rem",
        "left": "31%",
        "opacity": 0.1841388621818554,
        "top": "37.71098434570997%",
      }
    }
  >
     AWS Serverless
  </div>
  <div
    className="absolute -top-96 animate-fall select-none font-semibold uppercase tracking-wider text-accent-main"
    style={
      {
        "animationDelay": "2.5140656230473315s",
        "animationDuration": "28.0309739581794s",
        "fontSize": "0.59845130209103rem",
        "left": "31%",
        "opacity": 0.1841388621818554,
        "top": "37.71098434570997%",
      }
    }
  >
     CI/CD
  </div>
  <div
    className="absolute -top-96 animate-fall select-none font-semibold uppercase tracking-wider text-accent-main"
    style={
      {
        "animationDelay": "2.5140656230473315s",
        "animationDuration": "28.0309739581794s",
        "fontSize": "0.59845130209103rem",
        "left": "31%",
        "opacity": 0.1841388621818554,
        "top": "37.71098434570997%",
      }
    }
  >
     Git
  </div>
  <div
    className="absolute -top-96 animate-fall select-none font-semibold uppercase tracking-wider text-accent-main"
    style={
      {
        "animationDelay": "2.5140656230473315s",
        "animationDuration": "28.0309739581794s",
        "fontSize": "0.59845130209103rem",
        "left": "31%",
        "opacity": 0.1841388621818554,
        "top": "37.71098434570997%",
      }
    }
  >
     Bash
  </div>
  <div
    className="absolute -top-96 animate-fall select-none font-semibold uppercase tracking-wider text-accent-main"
    style={
      {
        "animationDelay": "2.5140656230473315s",
        "animationDuration": "28.0309739581794s",
        "fontSize": "0.59845130209103rem",
        "left": "31%",
        "opacity": 0.1841388621818554,
        "top": "37.71098434570997%",
      }
    }
  >
     GitHub
  </div>
  <div
    className="absolute -top-96 animate-fall select-none font-semibold uppercase tracking-wider text-accent-main"
    style={
      {
        "animationDelay": "2.5140656230473315s",
        "animationDuration": "28.0309739581794s",
        "fontSize": "0.59845130209103rem",
        "left": "31%",
        "opacity": 0.1841388621818554,
        "top": "37.71098434570997%",
      }
    }
  >
     Azure DevOps
  </div>
  <div
    className="absolute -top-96 animate-fall select-none font-semibold uppercase tracking-wider text-accent-main"
    style={
      {
        "animationDelay": "2.5140656230473315s",
        "animationDuration": "28.0309739581794s",
        "fontSize": "0.59845130209103rem",
        "left": "31%",
        "opacity": 0.1841388621818554,
        "top": "37.71098434570997%",
      }
    }
  >
     Agile/Scrum/Kanban
  </div>
  <div
    className="absolute -top-96 animate-fall select-none font-semibold uppercase tracking-wider text-accent-main"
    style={
      {
        "animationDelay": "2.5140656230473315s",
        "animationDuration": "28.0309739581794s",
        "fontSize": "0.59845130209103rem",
        "left": "31%",
        "opacity": 0.1841388621818554,
        "top": "37.71098434570997%",
      }
    }
  >
     SEO
  </div>
  <div
    className="absolute -top-96 animate-fall select-none font-semibold uppercase tracking-wider text-accent-main"
    style={
      {
        "animationDelay": "2.5140656230473315s",
        "animationDuration": "28.0309739581794s",
        "fontSize": "0.59845130209103rem",
        "left": "31%",
        "opacity": 0.1841388621818554,
        "top": "37.71098434570997%",
      }
    }
  >
    JavaScript
  </div>
  <div
    className="absolute -top-96 animate-fall select-none font-semibold uppercase tracking-wider text-accent-main"
    style={
      {
        "animationDelay": "2.5140656230473315s",
        "animationDuration": "28.0309739581794s",
        "fontSize": "0.59845130209103rem",
        "left": "31%",
        "opacity": 0.1841388621818554,
        "top": "37.71098434570997%",
      }
    }
  >
     TypeScript
  </div>
  <div
    className="absolute -top-96 animate-fall select-none font-semibold uppercase tracking-wider text-accent-main"
    style={
      {
        "animationDelay": "2.5140656230473315s",
        "animationDuration": "28.0309739581794s",
        "fontSize": "0.59845130209103rem",
        "left": "31%",
        "opacity": 0.1841388621818554,
        "top": "37.71098434570997%",
      }
    }
  >
     React
  </div>
  <div
    className="absolute -top-96 animate-fall select-none font-semibold uppercase tracking-wider text-accent-main"
    style={
      {
        "animationDelay": "2.5140656230473315s",
        "animationDuration": "28.0309739581794s",
        "fontSize": "0.59845130209103rem",
        "left": "31%",
        "opacity": 0.1841388621818554,
        "top": "37.71098434570997%",
      }
    }
  >
     Redux
  </div>
  <div
    className="absolute -top-96 animate-fall select-none font-semibold uppercase tracking-wider text-accent-main"
    style={
      {
        "animationDelay": "2.5140656230473315s",
        "animationDuration": "28.0309739581794s",
        "fontSize": "0.59845130209103rem",
        "left": "31%",
        "opacity": 0.1841388621818554,
        "top": "37.71098434570997%",
      }
    }
  >
     Jest
  </div>
  <div
    className="absolute -top-96 animate-fall select-none font-semibold uppercase tracking-wider text-accent-main"
    style={
      {
        "animationDelay": "2.5140656230473315s",
        "animationDuration": "28.0309739581794s",
        "fontSize": "0.59845130209103rem",
        "left": "31%",
        "opacity": 0.1841388621818554,
        "top": "37.71098434570997%",
      }
    }
  >
     Cypress
  </div>
  <div
    className="absolute -top-96 animate-fall select-none font-semibold uppercase tracking-wider text-accent-main"
    style={
      {
        "animationDelay": "2.5140656230473315s",
        "animationDuration": "28.0309739581794s",
        "fontSize": "0.59845130209103rem",
        "left": "31%",
        "opacity": 0.1841388621818554,
        "top": "37.71098434570997%",
      }
    }
  >
     D3
  </div>
  <div
    className="absolute -top-96 animate-fall select-none font-semibold uppercase tracking-wider text-accent-main"
    style={
      {
        "animationDelay": "2.5140656230473315s",
        "animationDuration": "28.0309739581794s",
        "fontSize": "0.59845130209103rem",
        "left": "31%",
        "opacity": 0.1841388621818554,
        "top": "37.71098434570997%",
      }
    }
  >
     Visx
  </div>
  <div
    className="absolute -top-96 animate-fall select-none font-semibold uppercase tracking-wider text-accent-main"
    style={
      {
        "animationDelay": "2.5140656230473315s",
        "animationDuration": "28.0309739581794s",
        "fontSize": "0.59845130209103rem",
        "left": "31%",
        "opacity": 0.1841388621818554,
        "top": "37.71098434570997%",
      }
    }
  >
     HTML
  </div>
  <div
    className="absolute -top-96 animate-fall select-none font-semibold uppercase tracking-wider text-accent-main"
    style={
      {
        "animationDelay": "2.5140656230473315s",
        "animationDuration": "28.0309739581794s",
        "fontSize": "0.59845130209103rem",
        "left": "31%",
        "opacity": 0.1841388621818554,
        "top": "37.71098434570997%",
      }
    }
  >
     CSS
  </div>
  <div
    className="absolute -top-96 animate-fall select-none font-semibold uppercase tracking-wider text-accent-main"
    style={
      {
        "animationDelay": "2.5140656230473315s",
        "animationDuration": "28.0309739581794s",
        "fontSize": "0.59845130209103rem",
        "left": "31%",
        "opacity": 0.1841388621818554,
        "top": "37.71098434570997%",
      }
    }
  >
     TailwindCSS
  </div>
  <div
    className="absolute -top-96 animate-fall select-none font-semibold uppercase tracking-wider text-accent-main"
    style={
      {
        "animationDelay": "2.5140656230473315s",
        "animationDuration": "28.0309739581794s",
        "fontSize": "0.59845130209103rem",
        "left": "31%",
        "opacity": 0.1841388621818554,
        "top": "37.71098434570997%",
      }
    }
  >
     Node
  </div>
  <div
    className="absolute -top-96 animate-fall select-none font-semibold uppercase tracking-wider text-accent-main"
    style={
      {
        "animationDelay": "2.5140656230473315s",
        "animationDuration": "28.0309739581794s",
        "fontSize": "0.59845130209103rem",
        "left": "31%",
        "opacity": 0.1841388621818554,
        "top": "37.71098434570997%",
      }
    }
  >
     Express
  </div>
  <div
    className="absolute -top-96 animate-fall select-none font-semibold uppercase tracking-wider text-accent-main"
    style={
      {
        "animationDelay": "2.5140656230473315s",
        "animationDuration": "28.0309739581794s",
        "fontSize": "0.59845130209103rem",
        "left": "31%",
        "opacity": 0.1841388621818554,
        "top": "37.71098434570997%",
      }
    }
  >
     AWS Serverless
  </div>
  <div
    className="absolute -top-96 animate-fall select-none font-semibold uppercase tracking-wider text-accent-main"
    style={
      {
        "animationDelay": "2.5140656230473315s",
        "animationDuration": "28.0309739581794s",
        "fontSize": "0.59845130209103rem",
        "left": "31%",
        "opacity": 0.1841388621818554,
        "top": "37.71098434570997%",
      }
    }
  >
     CI/CD
  </div>
  <div
    className="absolute -top-96 animate-fall select-none font-semibold uppercase tracking-wider text-accent-main"
    style={
      {
        "animationDelay": "2.5140656230473315s",
        "animationDuration": "28.0309739581794s",
        "fontSize": "0.59845130209103rem",
        "left": "31%",
        "opacity": 0.1841388621818554,
        "top": "37.71098434570997%",
      }
    }
  >
     Git
  </div>
  <div
    className="absolute -top-96 animate-fall select-none font-semibold uppercase tracking-wider text-accent-main"
    style={
      {
        "animationDelay": "2.5140656230473315s",
        "animationDuration": "28.0309739581794s",
        "fontSize": "0.59845130209103rem",
        "left": "31%",
        "opacity": 0.1841388621818554,
        "top": "37.71098434570997%",
      }
    }
  >
     Bash
  </div>
  <div
    className="absolute -top-96 animate-fall select-none font-semibold uppercase tracking-wider text-accent-main"
    style={
      {
        "animationDelay": "2.5140656230473315s",
        "animationDuration": "28.0309739581794s",
        "fontSize": "0.59845130209103rem",
        "left": "31%",
        "opacity": 0.1841388621818554,
        "top": "37.71098434570997%",
      }
    }
  >
     GitHub
  </div>
  <div
    className="absolute -top-96 animate-fall select-none font-semibold uppercase tracking-wider text-accent-main"
    style={
      {
        "animationDelay": "2.5140656230473315s",
        "animationDuration": "28.0309739581794s",
        "fontSize": "0.59845130209103rem",
        "left": "31%",
        "opacity": 0.1841388621818554,
        "top": "37.71098434570997%",
      }
    }
  >
     Azure DevOps
  </div>
  <div
    className="absolute -top-96 animate-fall select-none font-semibold uppercase tracking-wider text-accent-main"
    style={
      {
        "animationDelay": "2.5140656230473315s",
        "animationDuration": "28.0309739581794s",
        "fontSize": "0.59845130209103rem",
        "left": "31%",
        "opacity": 0.1841388621818554,
        "top": "37.71098434570997%",
      }
    }
  >
     Agile/Scrum/Kanban
  </div>
  <div
    className="absolute -top-96 animate-fall select-none font-semibold uppercase tracking-wider text-accent-main"
    style={
      {
        "animationDelay": "2.5140656230473315s",
        "animationDuration": "28.0309739581794s",
        "fontSize": "0.59845130209103rem",
        "left": "31%",
        "opacity": 0.1841388621818554,
        "top": "37.71098434570997%",
      }
    }
  >
     SEO
  </div>
  <div
    className="absolute -top-96 animate-fall select-none font-semibold uppercase tracking-wider text-accent-main"
    style={
      {
        "animationDelay": "2.5140656230473315s",
        "animationDuration": "28.0309739581794s",
        "fontSize": "0.59845130209103rem",
        "left": "31%",
        "opacity": 0.1841388621818554,
        "top": "37.71098434570997%",
      }
    }
  >
    JavaScript
  </div>
  <div
    className="absolute -top-96 animate-fall select-none font-semibold uppercase tracking-wider text-accent-main"
    style={
      {
        "animationDelay": "2.5140656230473315s",
        "animationDuration": "28.0309739581794s",
        "fontSize": "0.59845130209103rem",
        "left": "31%",
        "opacity": 0.1841388621818554,
        "top": "37.71098434570997%",
      }
    }
  >
     TypeScript
  </div>
  <div
    className="absolute -top-96 animate-fall select-none font-semibold uppercase tracking-wider text-accent-main"
    style={
      {
        "animationDelay": "2.5140656230473315s",
        "animationDuration": "28.0309739581794s",
        "fontSize": "0.59845130209103rem",
        "left": "31%",
        "opacity": 0.1841388621818554,
        "top": "37.71098434570997%",
      }
    }
  >
     React
  </div>
  <div
    className="absolute -top-96 animate-fall select-none font-semibold uppercase tracking-wider text-accent-main"
    style={
      {
        "animationDelay": "2.5140656230473315s",
        "animationDuration": "28.0309739581794s",
        "fontSize": "0.59845130209103rem",
        "left": "31%",
        "opacity": 0.1841388621818554,
        "top": "37.71098434570997%",
      }
    }
  >
     Redux
  </div>
  <div
    className="absolute -top-96 animate-fall select-none font-semibold uppercase tracking-wider text-accent-main"
    style={
      {
        "animationDelay": "2.5140656230473315s",
        "animationDuration": "28.0309739581794s",
        "fontSize": "0.59845130209103rem",
        "left": "31%",
        "opacity": 0.1841388621818554,
        "top": "37.71098434570997%",
      }
    }
  >
     Jest
  </div>
  <div
    className="absolute -top-96 animate-fall select-none font-semibold uppercase tracking-wider text-accent-main"
    style={
      {
        "animationDelay": "2.5140656230473315s",
        "animationDuration": "28.0309739581794s",
        "fontSize": "0.59845130209103rem",
        "left": "31%",
        "opacity": 0.1841388621818554,
        "top": "37.71098434570997%",
      }
    }
  >
     Cypress
  </div>
  <div
    className="absolute -top-96 animate-fall select-none font-semibold uppercase tracking-wider text-accent-main"
    style={
      {
        "animationDelay": "2.5140656230473315s",
        "animationDuration": "28.0309739581794s",
        "fontSize": "0.59845130209103rem",
        "left": "31%",
        "opacity": 0.1841388621818554,
        "top": "37.71098434570997%",
      }
    }
  >
     D3
  </div>
  <div
    className="absolute -top-96 animate-fall select-none font-semibold uppercase tracking-wider text-accent-main"
    style={
      {
        "animationDelay": "2.5140656230473315s",
        "animationDuration": "28.0309739581794s",
        "fontSize": "0.59845130209103rem",
        "left": "31%",
        "opacity": 0.1841388621818554,
        "top": "37.71098434570997%",
      }
    }
  >
     Visx
  </div>
  <div
    className="absolute -top-96 animate-fall select-none font-semibold uppercase tracking-wider text-accent-main"
    style={
      {
        "animationDelay": "2.5140656230473315s",
        "animationDuration": "28.0309739581794s",
        "fontSize": "0.59845130209103rem",
        "left": "31%",
        "opacity": 0.1841388621818554,
        "top": "37.71098434570997%",
      }
    }
  >
     HTML
  </div>
  <div
    className="absolute -top-96 animate-fall select-none font-semibold uppercase tracking-wider text-accent-main"
    style={
      {
        "animationDelay": "2.5140656230473315s",
        "animationDuration": "28.0309739581794s",
        "fontSize": "0.59845130209103rem",
        "left": "31%",
        "opacity": 0.1841388621818554,
        "top": "37.71098434570997%",
      }
    }
  >
     CSS
  </div>
  <div
    className="absolute -top-96 animate-fall select-none font-semibold uppercase tracking-wider text-accent-main"
    style={
      {
        "animationDelay": "2.5140656230473315s",
        "animationDuration": "28.0309739581794s",
        "fontSize": "0.59845130209103rem",
        "left": "31%",
        "opacity": 0.1841388621818554,
        "top": "37.71098434570997%",
      }
    }
  >
     TailwindCSS
  </div>
  <div
    className="absolute -top-96 animate-fall select-none font-semibold uppercase tracking-wider text-accent-main"
    style={
      {
        "animationDelay": "2.5140656230473315s",
        "animationDuration": "28.0309739581794s",
        "fontSize": "0.59845130209103rem",
        "left": "31%",
        "opacity": 0.1841388621818554,
        "top": "37.71098434570997%",
      }
    }
  >
     Node
  </div>
  <div
    className="absolute -top-96 animate-fall select-none font-semibold uppercase tracking-wider text-accent-main"
    style={
      {
        "animationDelay": "2.5140656230473315s",
        "animationDuration": "28.0309739581794s",
        "fontSize": "0.59845130209103rem",
        "left": "31%",
        "opacity": 0.1841388621818554,
        "top": "37.71098434570997%",
      }
    }
  >
     Express
  </div>
  <div
    className="absolute -top-96 animate-fall select-none font-semibold uppercase tracking-wider text-accent-main"
    style={
      {
        "animationDelay": "2.5140656230473315s",
        "animationDuration": "28.0309739581794s",
        "fontSize": "0.59845130209103rem",
        "left": "31%",
        "opacity": 0.1841388621818554,
        "top": "37.71098434570997%",
      }
    }
  >
     AWS Serverless
  </div>
  <div
    className="absolute -top-96 animate-fall select-none font-semibold uppercase tracking-wider text-accent-main"
    style={
      {
        "animationDelay": "2.5140656230473315s",
        "animationDuration": "28.0309739581794s",
        "fontSize": "0.59845130209103rem",
        "left": "31%",
        "opacity": 0.1841388621818554,
        "top": "37.71098434570997%",
      }
    }
  >
     CI/CD
  </div>
  <div
    className="absolute -top-96 animate-fall select-none font-semibold uppercase tracking-wider text-accent-main"
    style={
      {
        "animationDelay": "2.5140656230473315s",
        "animationDuration": "28.0309739581794s",
        "fontSize": "0.59845130209103rem",
        "left": "31%",
        "opacity": 0.1841388621818554,
        "top": "37.71098434570997%",
      }
    }
  >
     Git
  </div>
  <div
    className="absolute -top-96 animate-fall select-none font-semibold uppercase tracking-wider text-accent-main"
    style={
      {
        "animationDelay": "2.5140656230473315s",
        "animationDuration": "28.0309739581794s",
        "fontSize": "0.59845130209103rem",
        "left": "31%",
        "opacity": 0.1841388621818554,
        "top": "37.71098434570997%",
      }
    }
  >
     Bash
  </div>
  <div
    className="absolute -top-96 animate-fall select-none font-semibold uppercase tracking-wider text-accent-main"
    style={
      {
        "animationDelay": "2.5140656230473315s",
        "animationDuration": "28.0309739581794s",
        "fontSize": "0.59845130209103rem",
        "left": "31%",
        "opacity": 0.1841388621818554,
        "top": "37.71098434570997%",
      }
    }
  >
     GitHub
  </div>
  <div
    className="absolute -top-96 animate-fall select-none font-semibold uppercase tracking-wider text-accent-main"
    style={
      {
        "animationDelay": "2.5140656230473315s",
        "animationDuration": "28.0309739581794s",
        "fontSize": "0.59845130209103rem",
        "left": "31%",
        "opacity": 0.1841388621818554,
        "top": "37.71098434570997%",
      }
    }
  >
     Azure DevOps
  </div>
  <div
    className="absolute -top-96 animate-fall select-none font-semibold uppercase tracking-wider text-accent-main"
    style={
      {
        "animationDelay": "2.5140656230473315s",
        "animationDuration": "28.0309739581794s",
        "fontSize": "0.59845130209103rem",
        "left": "31%",
        "opacity": 0.1841388621818554,
        "top": "37.71098434570997%",
      }
    }
  >
     Agile/Scrum/Kanban
  </div>
  <div
    className="absolute -top-96 animate-fall select-none font-semibold uppercase tracking-wider text-accent-main"
    style={
      {
        "animationDelay": "2.5140656230473315s",
        "animationDuration": "28.0309739581794s",
        "fontSize": "0.59845130209103rem",
        "left": "31%",
        "opacity": 0.1841388621818554,
        "top": "37.71098434570997%",
      }
    }
  >
     SEO
  </div>
</div>
`;
