// Jest Snapshot v1, https://goo.gl/fbAQLP

exports[`<NavBar /> should render correctly 1`] = `
<nav
  aria-label="Main"
  className="sticky top-0 z-50 flex h-16 w-full flex-row-reverse items-end justify-between px-4 pt-20 lg:px-10"
  role="navigation"
>
  <div
    className="z-50 flex flex-row-reverse items-center gap-2 md:gap-4"
    role="menubar"
  >
    <div
      aria-expanded={false}
      className="hamburger-react"
      onClick={[Function]}
      onKeyUp={[Function]}
      role="button"
      style={
        {
          "cursor": "pointer",
          "height": "48px",
          "outline": "none",
          "position": "relative",
          "transform": "none",
          "transition": "0.4s cubic-bezier(0, 0, 0, 1)",
          "userSelect": "none",
          "width": "48px",
        }
      }
      tabIndex={0}
    >
      <div
        style={
          {
            "background": "currentColor",
            "borderRadius": "9em",
            "height": "2px",
            "left": "10px",
            "position": "absolute",
            "top": "15px",
            "transform": "none",
            "transition": "0.4s cubic-bezier(0, 0, 0, 1)",
            "width": "28px",
          }
        }
      />
      <div
        style={
          {
            "background": "currentColor",
            "borderRadius": "9em",
            "height": "2px",
            "left": "10px",
            "position": "absolute",
            "top": "23px",
            "transform": "none",
            "transition": "0.4s cubic-bezier(0, 0, 0, 1)",
            "width": "28px",
          }
        }
      />
      <div
        style={
          {
            "background": "currentColor",
            "borderRadius": "9em",
            "height": "2px",
            "left": "10px",
            "position": "absolute",
            "top": "31px",
            "transform": "none",
            "transition": "0.4s cubic-bezier(0, 0, 0, 1)",
            "width": "28px",
          }
        }
      />
    </div>
    <div
      className="flex items-center justify-end md:h-3 md:w-32 lg:h-4 lg:w-40"
    >
      <svg
        className="cursor-pointer hover:fill-light-dark"
        fill="none"
        height={28}
        onClick={[Function]}
        role="button"
        stroke="currentColor"
        strokeWidth={1.5}
        viewBox="0 0 24 24"
        width={28}
        xmlns="http://www.w3.org/2000/svg"
      >
        <path
          d="M21.752 15.002A9.718 9.718 0 0118 15.75c-5.385 0-9.75-4.365-9.75-9.75 0-1.33.266-2.597.748-3.752A9.753 9.753 0 003 11.25C3 16.635 7.365 21 12.75 21a9.753 9.753 0 009.002-5.998z"
          strokeLinecap="round"
          strokeLinejoin="round"
        />
      </svg>
    </div>
  </div>
  <button
    className="z-50 mb-2.5 h-8 md:mb-1.5 md:h-10"
    onClick={[Function]}
    role="button"
    tabIndex={0}
    type="button"
  >
    <img
      alt="Benjamin Norval logo"
      className="h-full"
      src="test-file-stub"
    />
  </button>
  <ul
    aria-hidden={true}
    className="hidden absolute inset-0 flex flex-col items-center justify-center text-center divide-y divide-light-text bg-gradient-to-br from-white to-[#e0dce6] dark:divide-dark-text dark:from-dark-neutral dark:to-[#130926] h-screen w-screen"
    role="menu"
  >
    <li
      className="relative w-[7rem] py-3"
      onClick={[Function]}
      role="none"
    >
      <a
        className="hover:text-accent-secondary"
        href="/"
        onClick={[Function]}
        role="menuitem"
        tabIndex={-1}
      >
        Home
      </a>
    </li>
    <li
      className="relative w-[7rem] py-3"
      onClick={[Function]}
      role="none"
    >
      <a
        className="hover:text-accent-secondary"
        href="/about-me"
        onClick={[Function]}
        role="menuitem"
        tabIndex={-1}
      >
        About Me
      </a>
    </li>
    <li
      className="relative w-[7rem] py-3"
      onClick={[Function]}
      role="none"
    >
      <a
        className="hover:text-accent-secondary"
        href="/my-work"
        onClick={[Function]}
        role="menuitem"
        tabIndex={-1}
      >
        My Work
      </a>
    </li>
    <li
      className="relative w-[7rem] py-3"
      onClick={[Function]}
      role="none"
    >
      <a
        className="hover:text-accent-secondary"
        href="/contact"
        onClick={[Function]}
        role="menuitem"
        tabIndex={-1}
      >
        Contact Me
      </a>
    </li>
    <li
      className="relative w-[7rem] py-3"
      onClick={[Function]}
      role="none"
    >
      <a
        className="hover:text-accent-secondary"
        href="/blog"
        onClick={[Function]}
        role="menuitem"
        tabIndex={-1}
      >
        My Blog
      </a>
    </li>
  </ul>
</nav>
`;
