// Jest Snapshot v1, https://goo.gl/fbAQLP

exports[`<TextField /> should render correctly with all props 1`] = `
<fieldset
  className="underline"
>
  <div
    className="mb-2 flex justify-between"
  >
    <div
      className="text-light-text dark:text-dark-text"
    >
      <label
        className="flex"
        htmlFor="Test Id"
      >
        Test Label
        <span
          className="ml-1 text-xs text-accent-secondary"
        >
          *
        </span>
      </label>
      <div
        className="ml-4"
      >
        <div>
          Label
        </div>
      </div>
    </div>
  </div>
  <div
    onClick={[MockFunction]}
  >
    <textarea
      autoComplete="on"
      className="appearance-none rounded focus:text-accent-secondary focus:outline focus:outline-light-text focus:ring-transparent dark:focus:outline-dark-text borber-b w-full bg-dark-dark/20 p-4 transition-[height] duration-300 dark:bg-white/20 h-52"
      data-testid="Test DataAtt"
      disabled={true}
      id="Test Id"
      name="Test name"
      onBlur={[Function]}
      onChange={[Function]}
      onClick={[Function]}
      placeholder="placeholder"
      required={true}
      value={30}
    />
  </div>
  <div
    className="mt-2"
  >
    <span
      className="block max-w-full text-sm text-red-500"
      data-testid="Test DataAtt ERROR!!"
    >
      ERROR!!
    </span>
  </div>
</fieldset>
`;

exports[`<TextField /> should render correctly with mandatory props 1`] = `
<fieldset>
  <div>
    <div
      className="flex items-center"
    >
      <input
        autoComplete="on"
        className="appearance-none rounded focus:text-accent-secondary focus:outline focus:outline-light-text focus:ring-transparent dark:focus:outline-dark-text borber-b h-12 w-full bg-dark-dark/20 p-4 transition-[height] duration-300 dark:bg-white/20"
        name=""
        onChange={[Function]}
        placeholder=""
        required={false}
        style={
          {
            "fontSize": "inherit",
          }
        }
        type="text"
        value=""
      />
    </div>
  </div>
</fieldset>
`;
