// Jest Snapshot v1, https://goo.gl/fbAQLP

exports[`<Hamburger /> should render correctly with mandatory props 1`] = `
<button
  aria-controls="navbar-hamburger"
  aria-expanded="false"
  className="ml-3 inline-flex h-10 w-10 items-center justify-center rounded-lg p-2 text-sm focus:outline-none"
  onClick={[Function]}
  type="button"
>
  <span
    className="sr-only"
  >
    Open main menu
  </span>
  <svg
    aria-hidden="true"
    className="h-5 w-5"
    fill="none"
    viewBox="0 0 17 14"
    xmlns="http://www.w3.org/2000/svg"
  >
    <path
      d="M1 1h15M1 7h15M1 13h15"
      stroke="currentColor"
      strokeLinecap="round"
      strokeLinejoin="round"
      strokeWidth="2"
    />
  </svg>
</button>
`;
