// Jest Snapshot v1, https://goo.gl/fbAQLP

exports[`<Landing /> should render correctly 1`] = `
<div
  className="relative top-[-4rem] grid h-screen place-items-center text-center uppercase"
>
  <div
    className="flex flex-col gap-8"
  >
    <h1
      className="mb-4 text-6xl font-semibold tracking-wide transition-colors md:text-8xl"
    >
      <span
        className="mb-10 inline-block text-accent-main transition-colors duration-150"
      >
        H
        e
        l
        l
        o
         
        W
        o
        r
        l
        d
        !
      </span>
      <br />
      H
      e
      l
      l
      o
       
      W
      o
      r
      l
      d
      !
    </h1>
    <h2
      className="text-sm leading-7 tracking-wide"
    >
      H
      e
      l
      l
      o
       
      W
      o
      r
      l
      d
      !
    </h2>
  </div>
</div>
`;
