// Jest Snapshot v1, https://goo.gl/fbAQLP

exports[`<Landing /> should render correctly 1`] = `
<div
  className="relative grid h-screen place-items-center text-center uppercase"
>
  <div
    className="flex flex-col gap-2 lg:gap-8"
  >
    <h1
      className="mb-4 text-4xl font-semibold tracking-wide md:text-6xl lg:text-8xl lg:font-normal"
    >
      <span
        className="mb-2 inline-block text-accent-main lg:mb-6"
      >
        H
        e
        l
        l
        o
         
        W
        o
        r
        l
        d
        !
      </span>
      <br />
      H
      e
      l
      l
      o
       
      W
      o
      r
      l
      d
      !
    </h1>
    <h2
      className="mx-auto w-[19.125rem] text-sm leading-7 tracking-wide md:w-10/12 lg:text-base break-all"
    >
      H
      e
      l
      l
      o
       
      W
      o
      r
      l
      d
      !
    </h2>
  </div>
</div>
`;
